// Jest Snapshot v1, https://goo.gl/fbAQLP

exports[`Metrics header stability HELP/TYPE lines snapshot 1`] = `
[
  "# HELP melody_analytics_events_total Total analytics events stored",
  "# HELP melody_audit_log_entries_total Total audit log entries retained",
  "# HELP melody_booking_duration_minutes Histogram of confirmed booking durations (minutes)",
  "# HELP melody_bookings_cancelled_late Resource-scoped late cancellation counts",
  "# HELP melody_bookings_cancelled_late_total Number of late-cancelled bookings (penalty applied)",
  "# HELP melody_bookings_confirmed Resource-scoped confirmed booking counts",
  "# HELP melody_bookings_confirmed_minutes Resource-scoped confirmed booking total minutes",
  "# HELP melody_bookings_confirmed_minutes_total Total confirmed booking duration in minutes (all resources)",
  "# HELP melody_bookings_confirmed_total Number of confirmed bookings (all resources)",
  "# HELP melody_bookings_utilization_percent Ratio of booked minutes to configured capacity per resource (0-1)",
  "# HELP melody_email_jobs_permanent_failure_total Total email jobs permanently failed",
  "# HELP melody_email_jobs_success_total Total email jobs marked success",
  "# HELP melody_email_permanent_failure_total Number of emails that permanently failed",
  "# HELP melody_email_queue_depth Current number of queued email jobs",
  "# HELP melody_email_success_total Number of emails successfully sent via queue",
  "# HELP melody_reschedule_completed_total Total number of completed reschedules (across bookings)",
  "# HELP melody_reschedule_lead_time_hours_avg Average hours until start when reschedules initiated",
  "# HELP melody_reschedule_lead_time_hours_median Median hours until start when reschedules initiated",
  "# HELP melody_webhook_events_stored_total Total webhook events tracked for replay protection",
  "# HELP melody_webhook_invoice_paid_total Count of invoice.paid webhook events processed",
  "# HELP melody_webhook_invoice_payment_failed_total Count of invoice.payment_failed webhook events processed",
  "# HELP melody_webhook_replay_window_ms Configured webhook replay protection window in milliseconds",
  "# HELP melody_webhook_subscription_created_total Count of subscription.created webhook events processed",
  "# HELP melody_webhook_subscription_updated_total Count of subscription.updated webhook events processed",
  "# HELP melody_webhook_unhandled_event_total Count of unhandled webhook events processed",
  "# TYPE melody_analytics_events_total gauge",
  "# TYPE melody_audit_log_entries_total gauge",
  "# TYPE melody_booking_duration_minutes histogram",
  "# TYPE melody_bookings_cancelled_late gauge",
  "# TYPE melody_bookings_cancelled_late_total gauge",
  "# TYPE melody_bookings_confirmed gauge",
  "# TYPE melody_bookings_confirmed_minutes gauge",
  "# TYPE melody_bookings_confirmed_minutes_total gauge",
  "# TYPE melody_bookings_confirmed_total gauge",
  "# TYPE melody_bookings_utilization_percent gauge",
  "# TYPE melody_email_jobs_permanent_failure_total gauge",
  "# TYPE melody_email_jobs_success_total gauge",
  "# TYPE melody_email_permanent_failure_total counter",
  "# TYPE melody_email_queue_depth gauge",
  "# TYPE melody_email_success_total counter",
  "# TYPE melody_reschedule_completed_total gauge",
  "# TYPE melody_reschedule_lead_time_hours_avg gauge",
  "# TYPE melody_reschedule_lead_time_hours_median gauge",
  "# TYPE melody_webhook_events_stored_total gauge",
  "# TYPE melody_webhook_invoice_paid_total counter",
  "# TYPE melody_webhook_invoice_payment_failed_total counter",
  "# TYPE melody_webhook_replay_window_ms gauge",
  "# TYPE melody_webhook_subscription_created_total counter",
  "# TYPE melody_webhook_subscription_updated_total counter",
  "# TYPE melody_webhook_unhandled_event_total counter",
]
`;
